\BOOKMARK [1][-]{section.1}{\376\377\137\025\212\000}{}% 1
\BOOKMARK [1][-]{section.2}{\376\377\145\160\133\146\200\314\146\157\116\016\116\073\133\232\164\006}{}% 2
\BOOKMARK [1][-]{section.3}{\376\377\116\316\145\160\133\146\210\150\217\360\122\060\000\040\000L\000e\000a\000n\000\040\210\150\217\360}{}% 3
\BOOKMARK [1][-]{section.4}{\376\377\150\070\137\303\133\232\116\111\116\016\116\343\170\001\133\236\163\260}{}% 4
\BOOKMARK [2][-]{subsection.4.1}{\376\377\134\100\220\350\147\201\134\017\160\271}{section.4}% 5
\BOOKMARK [2][-]{subsection.4.2}{\376\377\000H\000e\000s\000s\000i\000a\000n\000\040\173\227\133\120}{section.4}% 6
\BOOKMARK [2][-]{subsection.4.3}{\376\377\173\227\133\120\166\204\123\112\153\143\133\232\140\047}{section.4}% 7
\BOOKMARK [2][-]{subsection.4.4}{\376\377\000H\000e\000s\000s\000i\000a\000n\000\040\123\112\153\143\133\232\140\047}{section.4}% 8
\BOOKMARK [1][-]{section.5}{\376\377\137\142\137\017\123\026\213\276\213\241\116\016\213\301\146\016\131\004\164\006}{}% 9
\BOOKMARK [2][-]{subsection.5.1}{\376\377\116\072\117\125\221\307\165\050\000\040\000H\000e\000s\000s\000i\000a\000n\000\040\000o\000p\000e\000r\000a\000t\000o\000r\000\040\200\014\227\136\000\040\000H\000e\000s\000s\000i\000a\000n\000\040\000m\000a\000t\000r\000i\000x}{section.5}% 10
\BOOKMARK [2][-]{subsection.5.2}{\376\377\116\072\117\125\143\320\117\233\116\044\116\052\116\073\133\232\164\006\162\110\147\054}{section.5}% 11
\BOOKMARK [2][-]{subsection.5.3}{\376\377\116\072\117\125\162\354\172\313\134\001\210\305\116\000\121\103\116\214\226\066\137\305\211\201\147\141\116\366}{section.5}% 12
\BOOKMARK [2][-]{subsection.5.4}{\376\377\213\301\146\016\176\323\147\204\166\204\152\041\127\127\123\026\122\006\211\343}{section.5}% 13
\BOOKMARK [1][-]{section.6}{\376\377\217\205\122\251\137\025\164\006\116\016\213\301\146\016\176\323\147\204}{}% 14
\BOOKMARK [2][-]{subsection.6.1}{\376\377\166\364\176\277\226\120\122\066\121\375\145\160}{section.6}% 15
\BOOKMARK [2][-]{subsection.6.2}{\376\377\134\100\220\350\147\201\134\017\154\277\166\364\176\277\117\335\143\001}{section.6}% 16
\BOOKMARK [2][-]{subsection.6.3}{\376\377\154\277\166\364\176\277\166\204\116\000\226\066\133\374\145\160\116\016\150\257\136\246}{section.6}% 17
\BOOKMARK [2][-]{subsection.6.4}{\376\377\000H\000e\000s\000s\000i\000a\000n\000\040\116\214\153\041\127\213\166\204\210\150\171\072}{section.6}% 18
\BOOKMARK [2][-]{subsection.6.5}{\376\377\116\000\121\103\116\214\226\066\137\305\211\201\147\141\116\366}{section.6}% 19
\BOOKMARK [1][-]{section.7}{\376\377\116\073\133\232\164\006\166\204\137\142\137\017\123\026\213\301\146\016}{}% 20
\BOOKMARK [2][-]{subsection.7.1}{\376\377\146\076\137\017\150\257\136\246\127\072\162\110\147\054}{section.7}% 21
\BOOKMARK [2][-]{subsection.7.2}{\376\377\166\364\143\245\117\177\165\050\000\040\000g\000r\000a\000d\000i\000e\000n\000t\000\040\000f\000\040\166\204\162\110\147\054}{section.7}% 22
\BOOKMARK [1][-]{section.8}{\376\377\116\016\117\040\176\337\000\040\000H\000e\000s\000s\000i\000a\000n\000\040\167\351\226\065\166\204\121\163\174\373}{}% 23
\BOOKMARK [1][-]{section.9}{\376\377\176\323\213\272}{}% 24
